> Task :adapter-console:checkKotlinGradlePluginConfigurationErrors
> Task :core:checkKotlinGradlePluginConfigurationErrors
> Task :core:compileKotlin UP-TO-DATE
> Task :core:compileJava NO-SOURCE
> Task :core:processResources NO-SOURCE
> Task :core:classes UP-TO-DATE
> Task :core:jar UP-TO-DATE
> Task :adapter-console:compileKotlin UP-TO-DATE
> Task :adapter-console:compileJava NO-SOURCE
> Task :adapter-console:processResources NO-SOURCE
> Task :adapter-console:classes UP-TO-DATE
> Task :adapter-console:compileTestKotlin UP-TO-DATE
> Task :adapter-console:compileTestJava NO-SOURCE
> Task :adapter-console:koverFindJar UP-TO-DATE
> Task :adapter-console:processTestResources NO-SOURCE
> Task :adapter-console:testClasses UP-TO-DATE
> Task :adapter-console:test UP-TO-DATE
> Task :core:compileTestKotlin UP-TO-DATE
> Task :core:compileTestJava NO-SOURCE
> Task :core:koverFindJar UP-TO-DATE
> Task :core:processTestResources NO-SOURCE
> Task :core:testClasses UP-TO-DATE
> Task :core:test UP-TO-DATE
> Task :core-test:checkKotlinGradlePluginConfigurationErrors
> Task :core-test:compileKotlin NO-SOURCE
> Task :core-test:compileJava NO-SOURCE
> Task :core-test:processResources NO-SOURCE
> Task :core-test:classes UP-TO-DATE
> Task :core-test:koverFindJar UP-TO-DATE
> Task :core-test:processTestResources NO-SOURCE

> Task :core-test:compileTestKotlin FAILED
.\gradlew.bat : e: file:///C:/Users/Leopard/IdeaProjects/Guilds-of-Bash/core-test/src/test/kotlin/test/P1_TrophyPipelineTest.kt:371:22 Unresolved reference: initialMoney
строка:1 знак:51
+ ... ts\Guilds-of-Bash ; .\gradlew.bat test 2>&1 > test-output.txt ; Get-C ...
+                         ~~~~~~~~~~~~~~~~~~~~~~~~~~~~~~~~~~~~~~~~~
    + CategoryInfo          : NotSpecified: (e: file:///C:/U...e: initialMoney:String) [], RemoteException
    + FullyQualifiedErrorId : NativeCommandError
 
e: file:///C:/Users/Leopard/IdeaProjects/Guilds-of-Bash/core-test/src/test/kotlin/test/P1_TrophyPipelineTest.kt:371:36 Type mismatch: inferred type is Int but Double was expected
e: file:///C:/Users/Leopard/IdeaProjects/Guilds-of-Bash/core-test/src/test/kotlin/test/P1_TrophyPipelineTest.kt:371:63 Type mismatch: inferred type is String but Double was expected
e: file:///C:/Users/Leopard/IdeaProjects/Guilds-of-Bash/core-test/src/test/kotlin/test/P1_TrophyPipelineTest.kt:379:22 Unresolved reference: initialMoney

[Incubating] Problems report is available at: file:///C:/Users/Leopard/IdeaProjects/Guilds-of-Bash/build/reports/problems/problems-report.html

FAILURE: Build failed with an exception.

* What went wrong:
Execution failed for task ':core-test:compileTestKotlin'.
> A failure occurred while executing org.jetbrains.kotlin.compilerRunner.GradleCompilerRunnerWithWorkers$GradleKotlinCompilerWorkAction
   > Compilation error. See log for more details

* Try:
> Run with --stacktrace option to get the stack trace.
> Run with --info or --debug option to get more log output.
> Run with --scan to get full insights.
> Get more help at https://help.gradle.org.

Deprecated Gradle features were used in this build, making it incompatible with Gradle 9.0.

You can use '--warning-mode all' to show the individual deprecation warnings and determine if they come from your own scripts or plugins.

For more on this, please refer to https://docs.gradle.org/8.14/userguide/command_line_interface.html#sec:command_line_warnings in the Gradle documentation.

BUILD FAILED in 4s
14 actionable tasks: 4 executed, 10 up-to-date
